VERIFIED PROD-000002
VERIFIED PROD-000004
VERIFIED PROD-000007
VERIFIED PROD-000006
VERIFIED PROD-000005
VERIFIED PROD-000008
VERIFIED PROD-000003
VERIFIED PROD-000010
VERIFIED PROD-000011
VERIFIED PROD-000009
VERIFIED PROD-000012
VERIFIED PROD-000013
VERIFIED PROD-000014
VERIFIED PROD-000015
VERIFIED PROD-000016
VERIFIED PROD-000017
VERIFIED PROD-000018
VERIFIED PROD-000019
VERIFIED PROD-000020
VERIFIED PROD-000021
VERIFIED PROD-000022
VERIFIED PROD-000024
VERIFIED PROD-000023
VERIFIED PROD-000026
VERIFIED PROD-000025
VERIFIED PROD-000027
VERIFIED PROD-000029
VERIFIED PROD-000028
VERIFIED PROD-000030
VERIFIED PROD-000031
VERIFIED PROD-000032
VERIFIED PROD-000033
VERIFIED PROD-000034
VERIFIED PROD-000035
VERIFIED PROD-000036
VERIFIED PROD-000038
VERIFIED PROD-000037
VERIFIED PROD-000041
VERIFIED PROD-000042
VERIFIED PROD-000039
VERIFIED PROD-000040
VERIFIED PROD-000043
VERIFIED PROD-000044
VERIFIED PROD-000046
VERIFIED PROD-000045
VERIFIED PROD-000048
VERIFIED PROD-000047
VERIFIED PROD-000049
VERIFIED PROD-000050
VERIFIED PROD-000051
VERIFIED PROD-000053
VERIFIED PROD-000054
VERIFIED PROD-000052
VERIFIED PROD-000056
VERIFIED PROD-000057
VERIFIED PROD-000058
VERIFIED PROD-000055
VERIFIED PROD-000059
VERIFIED PROD-000060
VERIFIED PROD-000061
VERIFIED PROD-000062
VERIFIED PROD-000064
VERIFIED PROD-000063
VERIFIED PROD-000065
VERIFIED PROD-000067
VERIFIED PROD-000066
VERIFIED PROD-000068
VERIFIED PROD-000069
VERIFIED PROD-000070
VERIFIED PROD-000071
VERIFIED PROD-000072
VERIFIED PROD-000073
VERIFIED PROD-000074
VERIFIED PROD-000075
VERIFIED PROD-000076
VERIFIED PROD-000077
VERIFIED PROD-000078
VERIFIED PROD-000080
VERIFIED PROD-000079
VERIFIED PROD-000081
VERIFIED PROD-000082
VERIFIED PROD-000084
VERIFIED PROD-000083
VERIFIED PROD-000085
VERIFIED PROD-000087
VERIFIED PROD-000086
VERIFIED PROD-000089
VERIFIED PROD-000088
VERIFIED PROD-000090
VERIFIED PROD-000091
VERIFIED PROD-000093
VERIFIED PROD-000092
VERIFIED PROD-000094
VERIFIED PROD-000095
VERIFIED PROD-000096
VERIFIED PROD-000097
VERIFIED PROD-000098
VERIFIED PROD-000099
VERIFIED PROD-000100
VERIFIED PROD-000101
VERIFIED PROD-000103
VERIFIED PROD-000102
VERIFIED PROD-000104
VERIFIED PROD-000105
VERIFIED PROD-000107
VERIFIED PROD-000106
VERIFIED PROD-000108
VERIFIED PROD-000109
VERIFIED PROD-000110
VERIFIED PROD-000111
VERIFIED PROD-000112
VERIFIED PROD-000113
VERIFIED PROD-000114
VERIFIED PROD-000116
VERIFIED PROD-000117
VERIFIED PROD-000115
VERIFIED PROD-000119
VERIFIED PROD-000120
VERIFIED PROD-000118
VERIFIED PROD-000121
VERIFIED PROD-000122
VERIFIED PROD-000124
VERIFIED PROD-000123
VERIFIED PROD-000125
VERIFIED PROD-000127
VERIFIED PROD-000128
VERIFIED PROD-000126
VERIFIED PROD-000129
VERIFIED PROD-000130
VERIFIED PROD-000131
VERIFIED PROD-000132
VERIFIED PROD-000133
VERIFIED PROD-000134
VERIFIED PROD-000137
VERIFIED PROD-000135
VERIFIED PROD-000136
VERIFIED PROD-000139
VERIFIED PROD-000138
VERIFIED PROD-000141
VERIFIED PROD-000140
VERIFIED PROD-000142
VERIFIED PROD-000143
VERIFIED PROD-000144
VERIFIED PROD-000145
VERIFIED PROD-000148
VERIFIED PROD-000147
VERIFIED PROD-000146
VERIFIED PROD-000150
VERIFIED PROD-000149
VERIFIED PROD-000151
VERIFIED PROD-000152
VERIFIED PROD-000154
VERIFIED PROD-000153
VERIFIED PROD-000155
VERIFIED PROD-000156
VERIFIED PROD-000159
VERIFIED PROD-000157
VERIFIED PROD-000158
VERIFIED PROD-000160
VERIFIED PROD-000162
VERIFIED PROD-000164
VERIFIED PROD-000163
VERIFIED PROD-000161
VERIFIED PROD-000165
VERIFIED PROD-000167
VERIFIED PROD-000166
VERIFIED PROD-000168
VERIFIED PROD-000169
VERIFIED PROD-000171
VERIFIED PROD-000170
VERIFIED PROD-000172
VERIFIED PROD-000173
VERIFIED PROD-000174
VERIFIED PROD-000175
VERIFIED PROD-000176
VERIFIED PROD-000177
VERIFIED PROD-000179
VERIFIED PROD-000178
VERIFIED PROD-000180
VERIFIED PROD-000181
VERIFIED PROD-000182
VERIFIED PROD-000183
VERIFIED PROD-000184
VERIFIED PROD-000187
VERIFIED PROD-000186
VERIFIED PROD-000185
VERIFIED PROD-000188
VERIFIED PROD-000190
VERIFIED PROD-000191
VERIFIED PROD-000189
VERIFIED PROD-000192
VERIFIED PROD-000193
VERIFIED PROD-000194
VERIFIED PROD-000195
VERIFIED PROD-000196
VERIFIED PROD-000197
VERIFIED PROD-000198
VERIFIED PROD-000199
VERIFIED PROD-000200
VERIFIED PROD-000202
VERIFIED PROD-000203
VERIFIED PROD-000201
VERIFIED PROD-000204
VERIFIED PROD-000205
VERIFIED PROD-000206
VERIFIED PROD-000207
VERIFIED PROD-000209
VERIFIED PROD-000210
VERIFIED PROD-000208
VERIFIED PROD-000211
VERIFIED PROD-000212
VERIFIED PROD-000213
VERIFIED PROD-000214
VERIFIED PROD-000215
VERIFIED PROD-000217
VERIFIED PROD-000218
VERIFIED PROD-000216
VERIFIED PROD-000219
VERIFIED PROD-000221
VERIFIED PROD-000220
VERIFIED PROD-000222
VERIFIED PROD-000223
VERIFIED PROD-000225
VERIFIED PROD-000224
VERIFIED PROD-000227
VERIFIED PROD-000226
VERIFIED PROD-000229
VERIFIED PROD-000228
VERIFIED PROD-000231
VERIFIED PROD-000232
VERIFIED PROD-000230
VERIFIED PROD-000233
VERIFIED PROD-000234
VERIFIED PROD-000235
VERIFIED PROD-000237
VERIFIED PROD-000236
VERIFIED PROD-000238
VERIFIED PROD-000239
VERIFIED PROD-000240
VERIFIED PROD-000241
VERIFIED PROD-000243
VERIFIED PROD-000242
VERIFIED PROD-000246
VERIFIED PROD-000244
VERIFIED PROD-000245
VERIFIED PROD-000247
VERIFIED PROD-000248
VERIFIED PROD-000249
VERIFIED PROD-000250
VERIFIED PROD-000253
VERIFIED PROD-000251
VERIFIED PROD-000254
VERIFIED PROD-000252
VERIFIED PROD-000255
VERIFIED PROD-000256
VERIFIED PROD-000257
VERIFIED PROD-000258
VERIFIED PROD-000259
VERIFIED PROD-000260
VERIFIED PROD-000262
VERIFIED PROD-000261
VERIFIED PROD-000263
VERIFIED PROD-000264
VERIFIED PROD-000265
VERIFIED PROD-000266
VERIFIED PROD-000267
VERIFIED PROD-000268
VERIFIED PROD-000269
VERIFIED PROD-000270
VERIFIED PROD-000271
VERIFIED PROD-000272
VERIFIED PROD-000273
VERIFIED PROD-000274
VERIFIED PROD-000276
VERIFIED PROD-000275
VERIFIED PROD-000279
VERIFIED PROD-000278
VERIFIED PROD-000277
VERIFIED PROD-000280
VERIFIED PROD-000281
VERIFIED PROD-000282
VERIFIED PROD-000283
VERIFIED PROD-000284
VERIFIED PROD-000285
VERIFIED PROD-000286
VERIFIED PROD-000288
VERIFIED PROD-000287
VERIFIED PROD-000289
VERIFIED PROD-000290
VERIFIED PROD-000291
VERIFIED PROD-000293
VERIFIED PROD-000292
VERIFIED PROD-000294
VERIFIED PROD-000296
VERIFIED PROD-000295
VERIFIED PROD-000298
VERIFIED PROD-000297
VERIFIED PROD-000300
VERIFIED PROD-000299
VERIFIED PROD-000301
VERIFIED PROD-000302
VERIFIED PROD-000303
VERIFIED PROD-000304
VERIFIED PROD-000305
VERIFIED PROD-000306
VERIFIED PROD-000307
VERIFIED PROD-000308
VERIFIED PROD-000309
VERIFIED PROD-000310
VERIFIED PROD-000311
VERIFIED PROD-000312
VERIFIED PROD-000313
VERIFIED PROD-000314
VERIFIED PROD-000316
VERIFIED PROD-000317
VERIFIED PROD-000315
VERIFIED PROD-000318
VERIFIED PROD-000321
VERIFIED PROD-000320
VERIFIED PROD-000319
VERIFIED PROD-000322
VERIFIED PROD-000323
VERIFIED PROD-000325
VERIFIED PROD-000326
VERIFIED PROD-000324
VERIFIED PROD-000328
VERIFIED PROD-000330
VERIFIED PROD-000329
VERIFIED PROD-000327
VERIFIED PROD-000331
VERIFIED PROD-000332
VERIFIED PROD-000334
VERIFIED PROD-000333
VERIFIED PROD-000335
VERIFIED PROD-000336
VERIFIED PROD-000337
VERIFIED PROD-000338
VERIFIED PROD-000339
VERIFIED PROD-000340
VERIFIED PROD-000342
VERIFIED PROD-000341
VERIFIED PROD-000343
VERIFIED PROD-000345
VERIFIED PROD-000346
VERIFIED PROD-000344
VERIFIED PROD-000350
VERIFIED PROD-000347
VERIFIED PROD-000348
VERIFIED PROD-000349
VERIFIED PROD-000352
VERIFIED PROD-000351
VERIFIED PROD-000353
VERIFIED PROD-000355
VERIFIED PROD-000354
VERIFIED PROD-000356
VERIFIED PROD-000357
VERIFIED PROD-000358
VERIFIED PROD-000360
VERIFIED PROD-000359
VERIFIED PROD-000361
VERIFIED PROD-000362
VERIFIED PROD-000364
VERIFIED PROD-000363
VERIFIED PROD-000365
VERIFIED PROD-000366
VERIFIED PROD-000367
VERIFIED PROD-000368
VERIFIED PROD-000370
VERIFIED PROD-000369
VERIFIED PROD-000371
VERIFIED PROD-000374
VERIFIED PROD-000373
VERIFIED PROD-000375
VERIFIED PROD-000372
VERIFIED PROD-000376
VERIFIED PROD-000377
VERIFIED PROD-000379
VERIFIED PROD-000378
VERIFIED PROD-000380
VERIFIED PROD-000381
VERIFIED PROD-000383
VERIFIED PROD-000382
VERIFIED PROD-000384
VERIFIED PROD-000385
VERIFIED PROD-000386
VERIFIED PROD-000387
VERIFIED PROD-000388
VERIFIED PROD-000389
VERIFIED PROD-000390
VERIFIED PROD-000391
VERIFIED PROD-000392
VERIFIED PROD-000393
VERIFIED PROD-000394
VERIFIED PROD-000396
VERIFIED PROD-000395
VERIFIED PROD-000397
VERIFIED PROD-000398
VERIFIED PROD-000399
VERIFIED PROD-000400
VERIFIED PROD-000401
VERIFIED PROD-000402
VERIFIED PROD-000403
VERIFIED PROD-000406
VERIFIED PROD-000404
VERIFIED PROD-000405
VERIFIED PROD-000407
VERIFIED PROD-000408
VERIFIED PROD-000410
VERIFIED PROD-000411
VERIFIED PROD-000409
VERIFIED PROD-000412
VERIFIED PROD-000413
VERIFIED PROD-000415
VERIFIED PROD-000414
VERIFIED PROD-000417
VERIFIED PROD-000418
VERIFIED PROD-000416
VERIFIED PROD-000419
VERIFIED PROD-000420
VERIFIED PROD-000421
VERIFIED PROD-000423
VERIFIED PROD-000422
VERIFIED PROD-000424
VERIFIED PROD-000426
VERIFIED PROD-000425
VERIFIED PROD-000429
VERIFIED PROD-000428
VERIFIED PROD-000430
VERIFIED PROD-000427
VERIFIED PROD-000432
VERIFIED PROD-000431
VERIFIED PROD-000434
VERIFIED PROD-000433
VERIFIED PROD-000436
VERIFIED PROD-000435
VERIFIED PROD-000437
VERIFIED PROD-000439
VERIFIED PROD-000438
VERIFIED PROD-000440
VERIFIED PROD-000441
VERIFIED PROD-000442
VERIFIED PROD-000443
VERIFIED PROD-000444
VERIFIED PROD-000445
VERIFIED PROD-000449
VERIFIED PROD-000447
VERIFIED PROD-000446
VERIFIED PROD-000448
VERIFIED PROD-000450
VERIFIED PROD-000451
VERIFIED PROD-000452
VERIFIED PROD-000453
VERIFIED PROD-000454
VERIFIED PROD-000455
VERIFIED PROD-000456
VERIFIED PROD-000459
VERIFIED PROD-000458
VERIFIED PROD-000457
VERIFIED PROD-000461
VERIFIED PROD-000460
VERIFIED PROD-000462
VERIFIED PROD-000463
VERIFIED PROD-000464
VERIFIED PROD-000465
VERIFIED PROD-000466
VERIFIED PROD-000467
VERIFIED PROD-000468
VERIFIED PROD-000470
VERIFIED PROD-000469
VERIFIED PROD-000471
VERIFIED PROD-000475
VERIFIED PROD-000474
VERIFIED PROD-000472
VERIFIED PROD-000473
VERIFIED PROD-000477
VERIFIED PROD-000478
VERIFIED PROD-000476
VERIFIED PROD-000479
VERIFIED PROD-000480
VERIFIED PROD-000481
VERIFIED PROD-000482
VERIFIED PROD-000483
VERIFIED PROD-000485
VERIFIED PROD-000484
VERIFIED PROD-000486
VERIFIED PROD-000487
VERIFIED PROD-000488
VERIFIED PROD-000489
VERIFIED PROD-000490
VERIFIED PROD-000492
VERIFIED PROD-000491
VERIFIED PROD-000493
VERIFIED PROD-000494
VERIFIED PROD-000495
VERIFIED PROD-000496
VERIFIED PROD-000499
VERIFIED PROD-000497
VERIFIED PROD-000498
VERIFIED PROD-000500
VERIFIED PROD-000501
VERIFIED PROD-000502
VERIFIED PROD-000503
VERIFIED PROD-000504
VERIFIED PROD-000505
VERIFIED PROD-000507
VERIFIED PROD-000506
VERIFIED PROD-000508
VERIFIED PROD-000509
VERIFIED PROD-000511
VERIFIED PROD-000512
VERIFIED PROD-000514
VERIFIED PROD-000513
VERIFIED PROD-000510
VERIFIED PROD-000515
VERIFIED PROD-000516
VERIFIED PROD-000517
VERIFIED PROD-000518
VERIFIED PROD-000519
VERIFIED PROD-000520
VERIFIED PROD-000521
VERIFIED PROD-000522
VERIFIED PROD-000523
VERIFIED PROD-000524
VERIFIED PROD-000525
VERIFIED PROD-000526
VERIFIED PROD-000527
VERIFIED PROD-000528
VERIFIED PROD-000530
VERIFIED PROD-000531
VERIFIED PROD-000529
VERIFIED PROD-000532
VERIFIED PROD-000533
VERIFIED PROD-000535
VERIFIED PROD-000534
VERIFIED PROD-000536
VERIFIED PROD-000537
VERIFIED PROD-000539
VERIFIED PROD-000538
VERIFIED PROD-000540
VERIFIED PROD-000541
VERIFIED PROD-000542
VERIFIED PROD-000544
VERIFIED PROD-000545
VERIFIED PROD-000543
VERIFIED PROD-000546
VERIFIED PROD-000547
VERIFIED PROD-000548
VERIFIED PROD-000549
VERIFIED PROD-000550
VERIFIED PROD-000552
VERIFIED PROD-000551
VERIFIED PROD-000554
VERIFIED PROD-000553
VERIFIED PROD-000556
VERIFIED PROD-000555
VERIFIED PROD-000557
VERIFIED PROD-000558
VERIFIED PROD-000559
VERIFIED PROD-000560
VERIFIED PROD-000561
VERIFIED PROD-000562
VERIFIED PROD-000564
VERIFIED PROD-000563
VERIFIED PROD-000565
VERIFIED PROD-000566
VERIFIED PROD-000567
VERIFIED PROD-000568
VERIFIED PROD-000569
VERIFIED PROD-000570
VERIFIED PROD-000571
VERIFIED PROD-000572
VERIFIED PROD-000573
VERIFIED PROD-000575
VERIFIED PROD-000574
VERIFIED PROD-000576
VERIFIED PROD-000579
VERIFIED PROD-000577
VERIFIED PROD-000578
VERIFIED PROD-000580
VERIFIED PROD-000581
VERIFIED PROD-000582
VERIFIED PROD-000583
VERIFIED PROD-000584
VERIFIED PROD-000585
VERIFIED PROD-000586
VERIFIED PROD-000587
VERIFIED PROD-000589
VERIFIED PROD-000588
VERIFIED PROD-000590
VERIFIED PROD-000591
VERIFIED PROD-000593
VERIFIED PROD-000592
VERIFIED PROD-000594
VERIFIED PROD-000596
VERIFIED PROD-000597
VERIFIED PROD-000595
VERIFIED PROD-000598
VERIFIED PROD-000599
VERIFIED PROD-000600
VERIFIED PROD-000601
VERIFIED PROD-000602
VERIFIED PROD-000603
VERIFIED PROD-000604
VERIFIED PROD-000605
VERIFIED PROD-000606
VERIFIED PROD-000607
VERIFIED PROD-000608
VERIFIED PROD-000609
VERIFIED PROD-000610
VERIFIED PROD-000612
VERIFIED PROD-000613
VERIFIED PROD-000611
VERIFIED PROD-000614
VERIFIED PROD-000615
VERIFIED PROD-000617
VERIFIED PROD-000616
VERIFIED PROD-000619
VERIFIED PROD-000618
VERIFIED PROD-000620
VERIFIED PROD-000622
VERIFIED PROD-000621
VERIFIED PROD-000623
VERIFIED PROD-000624
VERIFIED PROD-000625
VERIFIED PROD-000626
VERIFIED PROD-000627
VERIFIED PROD-000630
VERIFIED PROD-000629
VERIFIED PROD-000628
VERIFIED PROD-000632
VERIFIED PROD-000631
VERIFIED PROD-000633
VERIFIED PROD-000634
VERIFIED PROD-000635
VERIFIED PROD-000636
VERIFIED PROD-000637
VERIFIED PROD-000638
VERIFIED PROD-000640
VERIFIED PROD-000639
VERIFIED PROD-000642
VERIFIED PROD-000641
VERIFIED PROD-000643
VERIFIED PROD-000645
VERIFIED PROD-000646
VERIFIED PROD-000644
VERIFIED PROD-000647
VERIFIED PROD-000649
VERIFIED PROD-000648
VERIFIED PROD-000650
VERIFIED PROD-000651
VERIFIED PROD-000653
VERIFIED PROD-000652
VERIFIED PROD-000654
VERIFIED PROD-000658
VERIFIED PROD-000655
VERIFIED PROD-000657
VERIFIED PROD-000656
VERIFIED PROD-000661
VERIFIED PROD-000660
VERIFIED PROD-000659
VERIFIED PROD-000663
VERIFIED PROD-000664
VERIFIED PROD-000665
VERIFIED PROD-000662
VERIFIED PROD-000666
VERIFIED PROD-000667
VERIFIED PROD-000668
VERIFIED PROD-000669
VERIFIED PROD-000670
VERIFIED PROD-000671
VERIFIED PROD-000673
VERIFIED PROD-000672
VERIFIED PROD-000674
VERIFIED PROD-000675
VERIFIED PROD-000676
VERIFIED PROD-000677
VERIFIED PROD-000678
VERIFIED PROD-000679
VERIFIED PROD-000680
VERIFIED PROD-000681
VERIFIED PROD-000682
VERIFIED PROD-000684
VERIFIED PROD-000683
VERIFIED PROD-000685
VERIFIED PROD-000687
VERIFIED PROD-000688
VERIFIED PROD-000686
VERIFIED PROD-000689
VERIFIED PROD-000690
VERIFIED PROD-000691
VERIFIED PROD-000692
VERIFIED PROD-000694
VERIFIED PROD-000695
VERIFIED PROD-000693
VERIFIED PROD-000696
VERIFIED PROD-000697
VERIFIED PROD-000699
VERIFIED PROD-000700
VERIFIED PROD-000698
VERIFIED PROD-000701
VERIFIED PROD-000702
VERIFIED PROD-000705
VERIFIED PROD-000704
VERIFIED PROD-000703
VERIFIED PROD-000706
VERIFIED PROD-000707
VERIFIED PROD-000711
VERIFIED PROD-000709
VERIFIED PROD-000710
VERIFIED PROD-000708
VERIFIED PROD-000713
VERIFIED PROD-000714
VERIFIED PROD-000712
VERIFIED PROD-000715
VERIFIED PROD-000716
VERIFIED PROD-000718
VERIFIED PROD-000717
VERIFIED PROD-000719
VERIFIED PROD-000720
VERIFIED PROD-000721
VERIFIED PROD-000722
VERIFIED PROD-000724
VERIFIED PROD-000723
VERIFIED PROD-000725
VERIFIED PROD-000726
VERIFIED PROD-000727
VERIFIED PROD-000728
VERIFIED PROD-000729
VERIFIED PROD-000730
VERIFIED PROD-000731
VERIFIED PROD-000733
VERIFIED PROD-000734
VERIFIED PROD-000732
VERIFIED PROD-000735
VERIFIED PROD-000737
VERIFIED PROD-000738
VERIFIED PROD-000736
VERIFIED PROD-000739
VERIFIED PROD-000742
VERIFIED PROD-000740
VERIFIED PROD-000741
VERIFIED PROD-000743
VERIFIED PROD-000744
VERIFIED PROD-000745
VERIFIED PROD-000747
VERIFIED PROD-000746
VERIFIED PROD-000748
VERIFIED PROD-000749
VERIFIED PROD-000750
VERIFIED PROD-000751
VERIFIED PROD-000752
VERIFIED PROD-000754
VERIFIED PROD-000753
VERIFIED PROD-000755
VERIFIED PROD-000757
VERIFIED PROD-000759
VERIFIED PROD-000756
VERIFIED PROD-000758
VERIFIED PROD-000760
VERIFIED PROD-000763
VERIFIED PROD-000761
VERIFIED PROD-000762
VERIFIED PROD-000764
VERIFIED PROD-000767
VERIFIED PROD-000765
VERIFIED PROD-000766
VERIFIED PROD-000768
VERIFIED PROD-000770
VERIFIED PROD-000772
VERIFIED PROD-000771
VERIFIED PROD-000769
VERIFIED PROD-000773
VERIFIED PROD-000775
VERIFIED PROD-000776
VERIFIED PROD-000774
VERIFIED PROD-000780
VERIFIED PROD-000779
VERIFIED PROD-000778
VERIFIED PROD-000777
VERIFIED PROD-000781
VERIFIED PROD-000782
VERIFIED PROD-000783
VERIFIED PROD-000784
VERIFIED PROD-000785
VERIFIED PROD-000786
VERIFIED PROD-000787
VERIFIED PROD-000788
VERIFIED PROD-000789
VERIFIED PROD-000790
VERIFIED PROD-000791
VERIFIED PROD-000792
VERIFIED PROD-000794
VERIFIED PROD-000793
VERIFIED PROD-000795
VERIFIED PROD-000796
VERIFIED PROD-000797
VERIFIED PROD-000798
VERIFIED PROD-000799
VERIFIED PROD-000800
VERIFIED PROD-000801
VERIFIED PROD-000803
VERIFIED PROD-000804
VERIFIED PROD-000805
VERIFIED PROD-000802
VERIFIED PROD-000806
VERIFIED PROD-000808
VERIFIED PROD-000807
VERIFIED PROD-000809
VERIFIED PROD-000812
VERIFIED PROD-000811
VERIFIED PROD-000813
VERIFIED PROD-000810
VERIFIED PROD-000814
VERIFIED PROD-000815
VERIFIED PROD-000816
VERIFIED PROD-000819
VERIFIED PROD-000818
VERIFIED PROD-000817
VERIFIED PROD-000820
VERIFIED PROD-000822
VERIFIED PROD-000821
VERIFIED PROD-000823
VERIFIED PROD-000824
VERIFIED PROD-000825
VERIFIED PROD-000826
VERIFIED PROD-000827
VERIFIED PROD-000828
VERIFIED PROD-000829
VERIFIED PROD-000830
VERIFIED PROD-000831
VERIFIED PROD-000833
VERIFIED PROD-000832
VERIFIED PROD-000834
VERIFIED PROD-000835
VERIFIED PROD-000836
VERIFIED PROD-000838
VERIFIED PROD-000837
VERIFIED PROD-000840
VERIFIED PROD-000839
VERIFIED PROD-000841
VERIFIED PROD-000842
VERIFIED PROD-000843
VERIFIED PROD-000844
VERIFIED PROD-000845
VERIFIED PROD-000847
VERIFIED PROD-000846
VERIFIED PROD-000848
VERIFIED PROD-000849
VERIFIED PROD-000851
VERIFIED PROD-000850
VERIFIED PROD-000852
VERIFIED PROD-000853
VERIFIED PROD-000854
VERIFIED PROD-000855
VERIFIED PROD-000856
VERIFIED PROD-000857
VERIFIED PROD-000859
VERIFIED PROD-000858
VERIFIED PROD-000861
VERIFIED PROD-000860
VERIFIED PROD-000862
VERIFIED PROD-000863
VERIFIED PROD-000864
VERIFIED PROD-000865
VERIFIED PROD-000866
VERIFIED PROD-000867
VERIFIED PROD-000868
VERIFIED PROD-000869
VERIFIED PROD-000871
VERIFIED PROD-000870
VERIFIED PROD-000872
VERIFIED PROD-000873
VERIFIED PROD-000874
VERIFIED PROD-000875
VERIFIED PROD-000878
VERIFIED PROD-000877
VERIFIED PROD-000876
VERIFIED PROD-000879
VERIFIED PROD-000880
VERIFIED PROD-000881
VERIFIED PROD-000882
VERIFIED PROD-000883
VERIFIED PROD-000884
VERIFIED PROD-000885
VERIFIED PROD-000888
VERIFIED PROD-000887
VERIFIED PROD-000886
VERIFIED PROD-000889
VERIFIED PROD-000892
VERIFIED PROD-000890
VERIFIED PROD-000891
VERIFIED PROD-000893
VERIFIED PROD-000894
VERIFIED PROD-000896
VERIFIED PROD-000895
VERIFIED PROD-000899
VERIFIED PROD-000897
VERIFIED PROD-000900
VERIFIED PROD-000898
VERIFIED PROD-000902
VERIFIED PROD-000901
VERIFIED PROD-000904
VERIFIED PROD-000903
VERIFIED PROD-000906
VERIFIED PROD-000905
VERIFIED PROD-000907
VERIFIED PROD-000908
VERIFIED PROD-000909
VERIFIED PROD-000910
VERIFIED PROD-000912
VERIFIED PROD-000911
VERIFIED PROD-000913
VERIFIED PROD-000914
VERIFIED PROD-000916
VERIFIED PROD-000915
VERIFIED PROD-000917
VERIFIED PROD-000918
VERIFIED PROD-000919
VERIFIED PROD-000921
VERIFIED PROD-000920
VERIFIED PROD-000922
VERIFIED PROD-000924
VERIFIED PROD-000923
VERIFIED PROD-000926
VERIFIED PROD-000928
VERIFIED PROD-000925
VERIFIED PROD-000927
VERIFIED PROD-000929
VERIFIED PROD-000931
VERIFIED PROD-000930
VERIFIED PROD-000932
VERIFIED PROD-000933
VERIFIED PROD-000934
VERIFIED PROD-000935
VERIFIED PROD-000936
VERIFIED PROD-000937
VERIFIED PROD-000938
VERIFIED PROD-000939
VERIFIED PROD-000940
VERIFIED PROD-000941
VERIFIED PROD-000942
VERIFIED PROD-000943
VERIFIED PROD-000946
VERIFIED PROD-000944
VERIFIED PROD-000945
VERIFIED PROD-000947
VERIFIED PROD-000948
VERIFIED PROD-000949
VERIFIED PROD-000950
VERIFIED PROD-000951
VERIFIED PROD-000953
VERIFIED PROD-000954
VERIFIED PROD-000955
VERIFIED PROD-000952
VERIFIED PROD-000958
VERIFIED PROD-000956
VERIFIED PROD-000957
VERIFIED PROD-000959
VERIFIED PROD-000960
VERIFIED PROD-000963
VERIFIED PROD-000961
VERIFIED PROD-000962
VERIFIED PROD-000964
VERIFIED PROD-000967
VERIFIED PROD-000965
VERIFIED PROD-000966
VERIFIED PROD-000968
VERIFIED PROD-000969
VERIFIED PROD-000971
VERIFIED PROD-000970
VERIFIED PROD-000972
VERIFIED PROD-000973
VERIFIED PROD-000974
VERIFIED PROD-000976
VERIFIED PROD-000975
VERIFIED PROD-000977
VERIFIED PROD-000978
VERIFIED PROD-000980
VERIFIED PROD-000979
VERIFIED PROD-000981
VERIFIED PROD-000982
VERIFIED PROD-000983
VERIFIED PROD-000986
VERIFIED PROD-000985
VERIFIED PROD-000984
VERIFIED PROD-000987
VERIFIED PROD-000988
VERIFIED PROD-000989
VERIFIED PROD-000990
VERIFIED PROD-000992
VERIFIED PROD-000991
VERIFIED PROD-000993
VERIFIED PROD-000994
VERIFIED PROD-000995
VERIFIED PROD-000996
VERIFIED PROD-000998
VERIFIED PROD-000999
VERIFIED PROD-000997
VERIFIED PROD-001000
{
  "catalogVersion": "synthetic-fashion-v2",
  "productCount": 10000,
  "variantCount": 43155,
  "states": {
    "pending": 8999,
    "verified": 1001
  },
  "imageStorage": "remote-backed; only originals and staging are local",
  "ready": false,
  "approvalId": "catalog-10000-original-upload-001",
  "maximumHttpRequests": 0,
  "submittedHttpRequests": 0,
  "batchFailures": [],
  "batchBlocked": 0
}
