Pending-only run: selecting unsubmitted jobs; existing blocked, uncertain, staged and recorded-spec jobs remain untouched.
VERIFIED PROD-003486
VERIFIED PROD-003485
VERIFIED PROD-003487
VERIFIED PROD-003488
VERIFIED PROD-003489
VERIFIED PROD-003490
VERIFIED PROD-003491
VERIFIED PROD-003492
VERIFIED PROD-003493
VERIFIED PROD-003494
VERIFIED PROD-003495
VERIFIED PROD-003496
VERIFIED PROD-003497
VERIFIED PROD-003498
VERIFIED PROD-003499
VERIFIED PROD-003500
VERIFIED PROD-003501
VERIFIED PROD-003502
VERIFIED PROD-003503
VERIFIED PROD-003504
VERIFIED PROD-003505
VERIFIED PROD-003506
VERIFIED PROD-003507
VERIFIED PROD-003508
VERIFIED PROD-003509
BLOCKED PROD-003510: review required
VERIFIED PROD-003511
VERIFIED PROD-003512
BLOCKED PROD-003513: review required
VERIFIED PROD-003514
VERIFIED PROD-003515
BLOCKED PROD-003516: review required
VERIFIED PROD-003517
VERIFIED PROD-003518
VERIFIED PROD-003519
VERIFIED PROD-003520
BLOCKED PROD-003521: review required
BLOCKED PROD-003522: review required
VERIFIED PROD-003523
VERIFIED PROD-003524
VERIFIED PROD-003525
VERIFIED PROD-003526
VERIFIED PROD-003527
VERIFIED PROD-003528
VERIFIED PROD-003529
VERIFIED PROD-003530
VERIFIED PROD-003531
VERIFIED PROD-003532
VERIFIED PROD-003533
VERIFIED PROD-003534
VERIFIED PROD-003535
VERIFIED PROD-003536
VERIFIED PROD-003537
VERIFIED PROD-003538
VERIFIED PROD-003539
VERIFIED PROD-003540
VERIFIED PROD-003541
VERIFIED PROD-003542
VERIFIED PROD-003543
VERIFIED PROD-003544
VERIFIED PROD-003545
VERIFIED PROD-003546
VERIFIED PROD-003547
VERIFIED PROD-003548
BLOCKED PROD-003549: review required
VERIFIED PROD-003550
VERIFIED PROD-003551
VERIFIED PROD-003552
VERIFIED PROD-003553
VERIFIED PROD-003554
VERIFIED PROD-003555
VERIFIED PROD-003556
VERIFIED PROD-003557
VERIFIED PROD-003558
VERIFIED PROD-003559
VERIFIED PROD-003560
VERIFIED PROD-003561
VERIFIED PROD-003562
VERIFIED PROD-003563
BLOCKED PROD-003564: review required
VERIFIED PROD-003565
VERIFIED PROD-003566
VERIFIED PROD-003567
VERIFIED PROD-003568
VERIFIED PROD-003569
VERIFIED PROD-003570
VERIFIED PROD-003571
VERIFIED PROD-003572
VERIFIED PROD-003573
VERIFIED PROD-003574
VERIFIED PROD-003575
VERIFIED PROD-003576
VERIFIED PROD-003577
VERIFIED PROD-003578
VERIFIED PROD-003579
VERIFIED PROD-003580
VERIFIED PROD-003581
VERIFIED PROD-003582
VERIFIED PROD-003583
VERIFIED PROD-003584
VERIFIED PROD-003585
VERIFIED PROD-003586
VERIFIED PROD-003587
VERIFIED PROD-003588
VERIFIED PROD-003589
VERIFIED PROD-003590
VERIFIED PROD-003591
VERIFIED PROD-003592
VERIFIED PROD-003593
VERIFIED PROD-003594
VERIFIED PROD-003595
VERIFIED PROD-003596
VERIFIED PROD-003597
VERIFIED PROD-003598
VERIFIED PROD-003599
VERIFIED PROD-003600
VERIFIED PROD-003601
VERIFIED PROD-003602
VERIFIED PROD-003603
VERIFIED PROD-003604
VERIFIED PROD-003605
VERIFIED PROD-003606
VERIFIED PROD-003607
VERIFIED PROD-003608
VERIFIED PROD-003609
VERIFIED PROD-003610
VERIFIED PROD-003611
VERIFIED PROD-003612
VERIFIED PROD-003613
VERIFIED PROD-003614
VERIFIED PROD-003615
VERIFIED PROD-003616
VERIFIED PROD-003617
BLOCKED PROD-003618: review required
VERIFIED PROD-003619
VERIFIED PROD-003620
BLOCKED PROD-003621: review required
VERIFIED PROD-003622
VERIFIED PROD-003623
BLOCKED PROD-003624: review required
VERIFIED PROD-003625
VERIFIED PROD-003626
VERIFIED PROD-003627
VERIFIED PROD-003628
VERIFIED PROD-003629
BLOCKED PROD-003630: review required
VERIFIED PROD-003631
VERIFIED PROD-003632
VERIFIED PROD-003633
VERIFIED PROD-003634
VERIFIED PROD-003635
VERIFIED PROD-003636
VERIFIED PROD-003637
VERIFIED PROD-003638
VERIFIED PROD-003639
VERIFIED PROD-003640
VERIFIED PROD-003641
VERIFIED PROD-003642
VERIFIED PROD-003643
VERIFIED PROD-003644
VERIFIED PROD-003645
VERIFIED PROD-003646
VERIFIED PROD-003647
VERIFIED PROD-003648
VERIFIED PROD-003649
BLOCKED PROD-003650: review required
VERIFIED PROD-003651
VERIFIED PROD-003652
VERIFIED PROD-003653
VERIFIED PROD-003654
VERIFIED PROD-003655
VERIFIED PROD-003656
VERIFIED PROD-003657
VERIFIED PROD-003658
VERIFIED PROD-003659
VERIFIED PROD-003660
VERIFIED PROD-003661
VERIFIED PROD-003662
VERIFIED PROD-003663
VERIFIED PROD-003664
VERIFIED PROD-003665
VERIFIED PROD-003666
VERIFIED PROD-003667
VERIFIED PROD-003668
VERIFIED PROD-003669
VERIFIED PROD-003670
VERIFIED PROD-003671
BLOCKED PROD-003672: review required
VERIFIED PROD-003673
VERIFIED PROD-003674
VERIFIED PROD-003675
VERIFIED PROD-003676
VERIFIED PROD-003677
VERIFIED PROD-003678
VERIFIED PROD-003679
VERIFIED PROD-003680
VERIFIED PROD-003681
VERIFIED PROD-003682
VERIFIED PROD-003683
VERIFIED PROD-003684
VERIFIED PROD-003685
VERIFIED PROD-003686
VERIFIED PROD-003687
VERIFIED PROD-003688
VERIFIED PROD-003689
VERIFIED PROD-003690
VERIFIED PROD-003691
VERIFIED PROD-003692
VERIFIED PROD-003693
VERIFIED PROD-003694
VERIFIED PROD-003695
VERIFIED PROD-003696
VERIFIED PROD-003697
VERIFIED PROD-003698
VERIFIED PROD-003699
VERIFIED PROD-003700
VERIFIED PROD-003701
VERIFIED PROD-003702
VERIFIED PROD-003703
VERIFIED PROD-003704
VERIFIED PROD-003705
VERIFIED PROD-003706
VERIFIED PROD-003707
VERIFIED PROD-003708
VERIFIED PROD-003709
VERIFIED PROD-003710
VERIFIED PROD-003711
VERIFIED PROD-003712
VERIFIED PROD-003713
VERIFIED PROD-003714
VERIFIED PROD-003715
VERIFIED PROD-003716
VERIFIED PROD-003717
VERIFIED PROD-003718
VERIFIED PROD-003719
VERIFIED PROD-003720
VERIFIED PROD-003721
VERIFIED PROD-003722
VERIFIED PROD-003723
VERIFIED PROD-003724
VERIFIED PROD-003725
BLOCKED PROD-003726: review required
VERIFIED PROD-003727
VERIFIED PROD-003728
VERIFIED PROD-003729
VERIFIED PROD-003730
VERIFIED PROD-003731
VERIFIED PROD-003732
VERIFIED PROD-003733
VERIFIED PROD-003734
VERIFIED PROD-003735
VERIFIED PROD-003736
VERIFIED PROD-003737
VERIFIED PROD-003738
VERIFIED PROD-003739
VERIFIED PROD-003740
VERIFIED PROD-003741
VERIFIED PROD-003742
VERIFIED PROD-003743
VERIFIED PROD-003744
VERIFIED PROD-003745
VERIFIED PROD-003746
VERIFIED PROD-003747
VERIFIED PROD-003748
VERIFIED PROD-003749
VERIFIED PROD-003750
VERIFIED PROD-003751
VERIFIED PROD-003752
VERIFIED PROD-003753
VERIFIED PROD-003754
VERIFIED PROD-003755
VERIFIED PROD-003756
VERIFIED PROD-003757
VERIFIED PROD-003758
VERIFIED PROD-003759
VERIFIED PROD-003760
VERIFIED PROD-003761
VERIFIED PROD-003762
VERIFIED PROD-003763
VERIFIED PROD-003764
VERIFIED PROD-003765
VERIFIED PROD-003766
VERIFIED PROD-003767
VERIFIED PROD-003768
VERIFIED PROD-003769
VERIFIED PROD-003770
VERIFIED PROD-003771
VERIFIED PROD-003772
VERIFIED PROD-003773
VERIFIED PROD-003774
VERIFIED PROD-003775
VERIFIED PROD-003776
VERIFIED PROD-003777
VERIFIED PROD-003778
VERIFIED PROD-003779
VERIFIED PROD-003780
VERIFIED PROD-003781
VERIFIED PROD-003782
VERIFIED PROD-003783
VERIFIED PROD-003784
VERIFIED PROD-003785
VERIFIED PROD-003786
VERIFIED PROD-003787
VERIFIED PROD-003788
VERIFIED PROD-003789
VERIFIED PROD-003790
VERIFIED PROD-003791
VERIFIED PROD-003792
VERIFIED PROD-003793
VERIFIED PROD-003794
VERIFIED PROD-003795
VERIFIED PROD-003796
VERIFIED PROD-003797
VERIFIED PROD-003798
VERIFIED PROD-003799
VERIFIED PROD-003800
VERIFIED PROD-003801
VERIFIED PROD-003802
VERIFIED PROD-003803
VERIFIED PROD-003804
VERIFIED PROD-003805
VERIFIED PROD-003806
VERIFIED PROD-003807
VERIFIED PROD-003808
VERIFIED PROD-003809
BLOCKED PROD-003810: review required
VERIFIED PROD-003811
VERIFIED PROD-003812
BLOCKED PROD-003813: review required
VERIFIED PROD-003814
VERIFIED PROD-003815
VERIFIED PROD-003816
VERIFIED PROD-003817
BLOCKED PROD-003818: review required
BLOCKED PROD-003819: review required
VERIFIED PROD-003820
VERIFIED PROD-003821
VERIFIED PROD-003822
VERIFIED PROD-003823
VERIFIED PROD-003824
VERIFIED PROD-003825
VERIFIED PROD-003826
VERIFIED PROD-003827
VERIFIED PROD-003828
VERIFIED PROD-003829
VERIFIED PROD-003830
VERIFIED PROD-003831
VERIFIED PROD-003832
VERIFIED PROD-003833
VERIFIED PROD-003834
VERIFIED PROD-003835
VERIFIED PROD-003836
VERIFIED PROD-003837
VERIFIED PROD-003838
VERIFIED PROD-003839
VERIFIED PROD-003840
VERIFIED PROD-003841
VERIFIED PROD-003842
VERIFIED PROD-003843
VERIFIED PROD-003844
VERIFIED PROD-003845
BLOCKED PROD-003846: review required
VERIFIED PROD-003847
VERIFIED PROD-003848
VERIFIED PROD-003849
VERIFIED PROD-003850
VERIFIED PROD-003851
VERIFIED PROD-003852
VERIFIED PROD-003853
BLOCKED PROD-003854: review required
VERIFIED PROD-003855
VERIFIED PROD-003856
VERIFIED PROD-003857
VERIFIED PROD-003858
VERIFIED PROD-003859
VERIFIED PROD-003860
VERIFIED PROD-003861
VERIFIED PROD-003862
VERIFIED PROD-003863
BLOCKED PROD-003864: review required
VERIFIED PROD-003865
BLOCKED PROD-003866: review required
BLOCKED PROD-003867: review required
VERIFIED PROD-003868
VERIFIED PROD-003869
VERIFIED PROD-003870
VERIFIED PROD-003871
BLOCKED PROD-003872: review required
BLOCKED PROD-003873: review required
VERIFIED PROD-003874
VERIFIED PROD-003875
VERIFIED PROD-003876
VERIFIED PROD-003877
VERIFIED PROD-003878
VERIFIED PROD-003879
VERIFIED PROD-003880
VERIFIED PROD-003881
VERIFIED PROD-003882
VERIFIED PROD-003883
VERIFIED PROD-003884
VERIFIED PROD-003885
VERIFIED PROD-003886
VERIFIED PROD-003887
VERIFIED PROD-003888
VERIFIED PROD-003889
VERIFIED PROD-003890
VERIFIED PROD-003891
VERIFIED PROD-003892
VERIFIED PROD-003893
VERIFIED PROD-003894
VERIFIED PROD-003895
VERIFIED PROD-003896
VERIFIED PROD-003897
VERIFIED PROD-003898
BLOCKED PROD-003899: review required
VERIFIED PROD-003900
VERIFIED PROD-003901
VERIFIED PROD-003902
VERIFIED PROD-003903
VERIFIED PROD-003904
VERIFIED PROD-003905
VERIFIED PROD-003906
VERIFIED PROD-003907
VERIFIED PROD-003908
VERIFIED PROD-003909
VERIFIED PROD-003910
VERIFIED PROD-003911
VERIFIED PROD-003912
VERIFIED PROD-003913
VERIFIED PROD-003914
VERIFIED PROD-003915
VERIFIED PROD-003916
VERIFIED PROD-003917
BLOCKED PROD-003918: review required
VERIFIED PROD-003919
BLOCKED PROD-003920: review required
BLOCKED PROD-003921: review required
BLOCKED PROD-003922: review required
BLOCKED PROD-003923: review required
VERIFIED PROD-003924
VERIFIED PROD-003925
VERIFIED PROD-003926
BLOCKED PROD-003927: review required
BLOCKED PROD-003928: review required
BLOCKED PROD-003929: review required
BLOCKED PROD-003930: review required
VERIFIED PROD-003931
VERIFIED PROD-003932
VERIFIED PROD-003933
VERIFIED PROD-003934
VERIFIED PROD-003935
VERIFIED PROD-003936
VERIFIED PROD-003937
VERIFIED PROD-003938
VERIFIED PROD-003939
VERIFIED PROD-003940
VERIFIED PROD-003941
VERIFIED PROD-003942
VERIFIED PROD-003943
VERIFIED PROD-003944
VERIFIED PROD-003945
VERIFIED PROD-003946
VERIFIED PROD-003947
VERIFIED PROD-003948
VERIFIED PROD-003949
VERIFIED PROD-003950
VERIFIED PROD-003951
BLOCKED PROD-003952: review required
VERIFIED PROD-003953
VERIFIED PROD-003954
VERIFIED PROD-003955
VERIFIED PROD-003956
VERIFIED PROD-003957
VERIFIED PROD-003958
VERIFIED PROD-003959
VERIFIED PROD-003960
VERIFIED PROD-003961
VERIFIED PROD-003962
VERIFIED PROD-003963
VERIFIED PROD-003964
VERIFIED PROD-003965
VERIFIED PROD-003966
VERIFIED PROD-003967
VERIFIED PROD-003968
VERIFIED PROD-003969
VERIFIED PROD-003970
VERIFIED PROD-003971
VERIFIED PROD-003972
VERIFIED PROD-003973
VERIFIED PROD-003974
VERIFIED PROD-003975
VERIFIED PROD-003976
VERIFIED PROD-003977
VERIFIED PROD-003978
VERIFIED PROD-003979
VERIFIED PROD-003980
VERIFIED PROD-003981
VERIFIED PROD-003982
VERIFIED PROD-003983
VERIFIED PROD-003984
VERIFIED PROD-003985
VERIFIED PROD-003986
VERIFIED PROD-003987
VERIFIED PROD-003988
VERIFIED PROD-003989
VERIFIED PROD-003990
VERIFIED PROD-003991
VERIFIED PROD-003992
VERIFIED PROD-003993
VERIFIED PROD-003994
VERIFIED PROD-003995
VERIFIED PROD-003996
VERIFIED PROD-003997
VERIFIED PROD-003998
VERIFIED PROD-003999
VERIFIED PROD-004000
VERIFIED PROD-004001
VERIFIED PROD-004002
VERIFIED PROD-004003
VERIFIED PROD-004004
VERIFIED PROD-004005
VERIFIED PROD-004006
VERIFIED PROD-004007
VERIFIED PROD-004008
VERIFIED PROD-004009
VERIFIED PROD-004010
VERIFIED PROD-004011
VERIFIED PROD-004012
VERIFIED PROD-004013
VERIFIED PROD-004014
VERIFIED PROD-004015
VERIFIED PROD-004016
VERIFIED PROD-004017
VERIFIED PROD-004018
VERIFIED PROD-004019
VERIFIED PROD-004020
VERIFIED PROD-004021
VERIFIED PROD-004022
VERIFIED PROD-004023
VERIFIED PROD-004024
VERIFIED PROD-004025
VERIFIED PROD-004026
VERIFIED PROD-004027
BLOCKED PROD-004028: review required
VERIFIED PROD-004029
VERIFIED PROD-004030
VERIFIED PROD-004031
VERIFIED PROD-004032
VERIFIED PROD-004033
VERIFIED PROD-004034
VERIFIED PROD-004035
VERIFIED PROD-004036
VERIFIED PROD-004037
VERIFIED PROD-004038
VERIFIED PROD-004039
VERIFIED PROD-004040
VERIFIED PROD-004041
VERIFIED PROD-004042
VERIFIED PROD-004043
VERIFIED PROD-004044
VERIFIED PROD-004045
VERIFIED PROD-004046
VERIFIED PROD-004047
VERIFIED PROD-004048
VERIFIED PROD-004049
VERIFIED PROD-004050
VERIFIED PROD-004051
VERIFIED PROD-004052
VERIFIED PROD-004053
VERIFIED PROD-004054
VERIFIED PROD-004055
VERIFIED PROD-004056
VERIFIED PROD-004057
VERIFIED PROD-004058
VERIFIED PROD-004059
VERIFIED PROD-004060
VERIFIED PROD-004061
BLOCKED PROD-004062: review required
VERIFIED PROD-004063
VERIFIED PROD-004064
VERIFIED PROD-004065
VERIFIED PROD-004066
VERIFIED PROD-004067
VERIFIED PROD-004068
VERIFIED PROD-004069
VERIFIED PROD-004070
VERIFIED PROD-004071
VERIFIED PROD-004072
VERIFIED PROD-004073
VERIFIED PROD-004074
VERIFIED PROD-004075
VERIFIED PROD-004076
VERIFIED PROD-004077
VERIFIED PROD-004078
VERIFIED PROD-004079
VERIFIED PROD-004080
VERIFIED PROD-004081
VERIFIED PROD-004082
VERIFIED PROD-004083
VERIFIED PROD-004084
VERIFIED PROD-004085
VERIFIED PROD-004086
VERIFIED PROD-004087
VERIFIED PROD-004088
VERIFIED PROD-004089
VERIFIED PROD-004090
VERIFIED PROD-004091
VERIFIED PROD-004092
VERIFIED PROD-004093
VERIFIED PROD-004094
VERIFIED PROD-004095
VERIFIED PROD-004096
VERIFIED PROD-004097
VERIFIED PROD-004098
VERIFIED PROD-004099
VERIFIED PROD-004100
VERIFIED PROD-004101
VERIFIED PROD-004102
VERIFIED PROD-004103
VERIFIED PROD-004104
VERIFIED PROD-004105
VERIFIED PROD-004106
BLOCKED PROD-004107: review required
VERIFIED PROD-004108
VERIFIED PROD-004109
BLOCKED PROD-004110: review required
VERIFIED PROD-004111
VERIFIED PROD-004112
VERIFIED PROD-004113
VERIFIED PROD-004114
BLOCKED PROD-004115: review required
BLOCKED PROD-004116: review required
VERIFIED PROD-004117
VERIFIED PROD-004118
VERIFIED PROD-004119
VERIFIED PROD-004120
VERIFIED PROD-004121
VERIFIED PROD-004122
VERIFIED PROD-004123
VERIFIED PROD-004124
VERIFIED PROD-004125
VERIFIED PROD-004126
VERIFIED PROD-004127
VERIFIED PROD-004128
VERIFIED PROD-004129
VERIFIED PROD-004130
VERIFIED PROD-004131
VERIFIED PROD-004132
VERIFIED PROD-004133
VERIFIED PROD-004134
VERIFIED PROD-004135
VERIFIED PROD-004136
VERIFIED PROD-004137
VERIFIED PROD-004138
VERIFIED PROD-004139
VERIFIED PROD-004140
VERIFIED PROD-004141
BLOCKED PROD-004142: review required
BLOCKED PROD-004143: review required
VERIFIED PROD-004144
VERIFIED PROD-004145
VERIFIED PROD-004146
VERIFIED PROD-004147
VERIFIED PROD-004148
VERIFIED PROD-004149
VERIFIED PROD-004150
VERIFIED PROD-004151
VERIFIED PROD-004152
VERIFIED PROD-004153
VERIFIED PROD-004154
VERIFIED PROD-004155
VERIFIED PROD-004156
VERIFIED PROD-004157
VERIFIED PROD-004158
VERIFIED PROD-004159
VERIFIED PROD-004160
VERIFIED PROD-004161
VERIFIED PROD-004162
VERIFIED PROD-004163
VERIFIED PROD-004164
VERIFIED PROD-004165
VERIFIED PROD-004166
VERIFIED PROD-004167
VERIFIED PROD-004168
BLOCKED PROD-004169: review required
VERIFIED PROD-004170
VERIFIED PROD-004171
VERIFIED PROD-004172
VERIFIED PROD-004173
VERIFIED PROD-004174
VERIFIED PROD-004175
VERIFIED PROD-004176
VERIFIED PROD-004177
VERIFIED PROD-004178
VERIFIED PROD-004179
VERIFIED PROD-004180
VERIFIED PROD-004181
VERIFIED PROD-004182
VERIFIED PROD-004183
VERIFIED PROD-004184
VERIFIED PROD-004185
VERIFIED PROD-004186
VERIFIED PROD-004187
VERIFIED PROD-004188
VERIFIED PROD-004189
VERIFIED PROD-004190
VERIFIED PROD-004191
VERIFIED PROD-004192
VERIFIED PROD-004193
VERIFIED PROD-004194
VERIFIED PROD-004195
VERIFIED PROD-004196
VERIFIED PROD-004197
VERIFIED PROD-004198
VERIFIED PROD-004199
VERIFIED PROD-004200
VERIFIED PROD-004201
VERIFIED PROD-004202
VERIFIED PROD-004203
VERIFIED PROD-004204
VERIFIED PROD-004205
VERIFIED PROD-004206
VERIFIED PROD-004207
VERIFIED PROD-004208
VERIFIED PROD-004209
VERIFIED PROD-004210
VERIFIED PROD-004211
VERIFIED PROD-004212
VERIFIED PROD-004213
VERIFIED PROD-004214
BLOCKED PROD-004215: review required
VERIFIED PROD-004216
VERIFIED PROD-004217
BLOCKED PROD-004218: review required
VERIFIED PROD-004219
VERIFIED PROD-004220
VERIFIED PROD-004221
VERIFIED PROD-004222
VERIFIED PROD-004223
BLOCKED PROD-004224: review required
VERIFIED PROD-004225
VERIFIED PROD-004226
VERIFIED PROD-004227
VERIFIED PROD-004228
VERIFIED PROD-004229
VERIFIED PROD-004230
VERIFIED PROD-004231
VERIFIED PROD-004232
VERIFIED PROD-004233
VERIFIED PROD-004234
VERIFIED PROD-004235
VERIFIED PROD-004236
VERIFIED PROD-004237
VERIFIED PROD-004238
VERIFIED PROD-004239
VERIFIED PROD-004240
VERIFIED PROD-004241
VERIFIED PROD-004242
VERIFIED PROD-004243
BLOCKED PROD-004244: review required
VERIFIED PROD-004245
VERIFIED PROD-004246
VERIFIED PROD-004247
VERIFIED PROD-004248
VERIFIED PROD-004249
VERIFIED PROD-004250
VERIFIED PROD-004251
VERIFIED PROD-004252
VERIFIED PROD-004253
VERIFIED PROD-004254
VERIFIED PROD-004255
VERIFIED PROD-004256
VERIFIED PROD-004257
VERIFIED PROD-004258
VERIFIED PROD-004259
VERIFIED PROD-004260
VERIFIED PROD-004261
VERIFIED PROD-004262
VERIFIED PROD-004263
VERIFIED PROD-004264
VERIFIED PROD-004265
VERIFIED PROD-004266
VERIFIED PROD-004267
VERIFIED PROD-004268
VERIFIED PROD-004269
VERIFIED PROD-004270
VERIFIED PROD-004271
VERIFIED PROD-004272
VERIFIED PROD-004273
VERIFIED PROD-004274
VERIFIED PROD-004275
VERIFIED PROD-004276
BLOCKED PROD-004277: review required
VERIFIED PROD-004278
VERIFIED PROD-004279
VERIFIED PROD-004280
VERIFIED PROD-004281
VERIFIED PROD-004282
VERIFIED PROD-004283
VERIFIED PROD-004284
VERIFIED PROD-004285
VERIFIED PROD-004286
VERIFIED PROD-004287
VERIFIED PROD-004288
VERIFIED PROD-004289
VERIFIED PROD-004290
VERIFIED PROD-004291
VERIFIED PROD-004292
VERIFIED PROD-004293
VERIFIED PROD-004294
VERIFIED PROD-004295
VERIFIED PROD-004296
VERIFIED PROD-004297
VERIFIED PROD-004298
VERIFIED PROD-004299
VERIFIED PROD-004300
VERIFIED PROD-004301
VERIFIED PROD-004302
VERIFIED PROD-004303
VERIFIED PROD-004304
VERIFIED PROD-004305
VERIFIED PROD-004306
VERIFIED PROD-004307
VERIFIED PROD-004308
VERIFIED PROD-004309
VERIFIED PROD-004310
VERIFIED PROD-004311
VERIFIED PROD-004312
VERIFIED PROD-004313
VERIFIED PROD-004314
VERIFIED PROD-004315
VERIFIED PROD-004316
VERIFIED PROD-004317
VERIFIED PROD-004318
VERIFIED PROD-004319
VERIFIED PROD-004320
VERIFIED PROD-004321
VERIFIED PROD-004322
VERIFIED PROD-004323
VERIFIED PROD-004324
BLOCKED PROD-004325: review required
VERIFIED PROD-004326
VERIFIED PROD-004327
VERIFIED PROD-004328
VERIFIED PROD-004329
VERIFIED PROD-004330
VERIFIED PROD-004331
VERIFIED PROD-004332
VERIFIED PROD-004333
VERIFIED PROD-004334
VERIFIED PROD-004335
VERIFIED PROD-004336
VERIFIED PROD-004337
VERIFIED PROD-004338
VERIFIED PROD-004339
VERIFIED PROD-004340
VERIFIED PROD-004341
VERIFIED PROD-004342
VERIFIED PROD-004343
VERIFIED PROD-004344
VERIFIED PROD-004345
VERIFIED PROD-004346
VERIFIED PROD-004347
VERIFIED PROD-004348
VERIFIED PROD-004349
VERIFIED PROD-004350
BLOCKED PROD-004351: review required
VERIFIED PROD-004352
VERIFIED PROD-004353
VERIFIED PROD-004354
VERIFIED PROD-004355
VERIFIED PROD-004356
VERIFIED PROD-004357
BLOCKED PROD-004358: review required
VERIFIED PROD-004359
VERIFIED PROD-004360
VERIFIED PROD-004361
VERIFIED PROD-004362
VERIFIED PROD-004363
VERIFIED PROD-004364
VERIFIED PROD-004365
VERIFIED PROD-004366
VERIFIED PROD-004367
VERIFIED PROD-004368
VERIFIED PROD-004369
VERIFIED PROD-004370
VERIFIED PROD-004371
VERIFIED PROD-004372
VERIFIED PROD-004373
VERIFIED PROD-004374
VERIFIED PROD-004375
VERIFIED PROD-004376
VERIFIED PROD-004377
VERIFIED PROD-004378
VERIFIED PROD-004379
VERIFIED PROD-004380
VERIFIED PROD-004381
VERIFIED PROD-004382
VERIFIED PROD-004383
VERIFIED PROD-004384
VERIFIED PROD-004385
VERIFIED PROD-004386
VERIFIED PROD-004387
VERIFIED PROD-004388
VERIFIED PROD-004389
VERIFIED PROD-004390
VERIFIED PROD-004391
VERIFIED PROD-004392
VERIFIED PROD-004393
VERIFIED PROD-004394
VERIFIED PROD-004395
VERIFIED PROD-004396
VERIFIED PROD-004397
VERIFIED PROD-004398
VERIFIED PROD-004399
VERIFIED PROD-004400
BLOCKED PROD-004401: review required
VERIFIED PROD-004402
VERIFIED PROD-004403
BLOCKED PROD-004404: review required
VERIFIED PROD-004405
VERIFIED PROD-004406
BLOCKED PROD-004407: review required
VERIFIED PROD-004408
VERIFIED PROD-004409
VERIFIED PROD-004410
VERIFIED PROD-004411
BLOCKED PROD-004412: review required
BLOCKED PROD-004413: review required
VERIFIED PROD-004414
VERIFIED PROD-004415
VERIFIED PROD-004416
VERIFIED PROD-004417
VERIFIED PROD-004418
VERIFIED PROD-004419
VERIFIED PROD-004420
VERIFIED PROD-004421
VERIFIED PROD-004422
VERIFIED PROD-004423
VERIFIED PROD-004424
VERIFIED PROD-004425
VERIFIED PROD-004426
VERIFIED PROD-004427
VERIFIED PROD-004428
VERIFIED PROD-004429
VERIFIED PROD-004430
VERIFIED PROD-004431
VERIFIED PROD-004432
VERIFIED PROD-004433
VERIFIED PROD-004434
VERIFIED PROD-004435
VERIFIED PROD-004436
VERIFIED PROD-004437
VERIFIED PROD-004438
BLOCKED PROD-004439: review required
BLOCKED PROD-004440: review required
VERIFIED PROD-004441
VERIFIED PROD-004442
VERIFIED PROD-004443
VERIFIED PROD-004444
VERIFIED PROD-004445
VERIFIED PROD-004446
VERIFIED PROD-004447
VERIFIED PROD-004448
VERIFIED PROD-004449
VERIFIED PROD-004450
VERIFIED PROD-004451
VERIFIED PROD-004452
VERIFIED PROD-004453
VERIFIED PROD-004454
BLOCKED PROD-004455: review required
VERIFIED PROD-004456
VERIFIED PROD-004457
BLOCKED PROD-004458: review required
VERIFIED PROD-004459
BLOCKED PROD-004460: review required
VERIFIED PROD-004461
VERIFIED PROD-004462
VERIFIED PROD-004463
VERIFIED PROD-004464
VERIFIED PROD-004465
VERIFIED PROD-004466
BLOCKED PROD-004467: review required
VERIFIED PROD-004468
VERIFIED PROD-004469
VERIFIED PROD-004470
VERIFIED PROD-004471
VERIFIED PROD-004472
VERIFIED PROD-004473
VERIFIED PROD-004474
VERIFIED PROD-004475
VERIFIED PROD-004476
VERIFIED PROD-004477
VERIFIED PROD-004478
VERIFIED PROD-004479
VERIFIED PROD-004480
VERIFIED PROD-004481
VERIFIED PROD-004482
VERIFIED PROD-004483
VERIFIED PROD-004484
FAILED PROD-004486: URLError; inspect durable state
AzureCliCredential.get_token_info failed: Failed to invoke the Azure CLI
VERIFIED PROD-004485
Image pipeline failed: Batch incomplete: 1 failures, 64 safety blocks
