Pending-only run: selecting unsubmitted jobs; existing blocked, uncertain, staged and recorded-spec jobs remain untouched.
VERIFIED PROD-004488
VERIFIED PROD-004487
VERIFIED PROD-004489
VERIFIED PROD-004490
VERIFIED PROD-004491
VERIFIED PROD-004492
VERIFIED PROD-004493
VERIFIED PROD-004494
VERIFIED PROD-004495
VERIFIED PROD-004496
VERIFIED PROD-004497
VERIFIED PROD-004498
VERIFIED PROD-004499
VERIFIED PROD-004500
VERIFIED PROD-004502
VERIFIED PROD-004501
VERIFIED PROD-004503
VERIFIED PROD-004505
VERIFIED PROD-004504
VERIFIED PROD-004506
VERIFIED PROD-004507
VERIFIED PROD-004508
BLOCKED PROD-004509: review required
VERIFIED PROD-004510
VERIFIED PROD-004511
BLOCKED PROD-004512: review required
VERIFIED PROD-004513
BLOCKED PROD-004514: review required
BLOCKED PROD-004515: review required
BLOCKED PROD-004516: review required
BLOCKED PROD-004517: review required
VERIFIED PROD-004518
VERIFIED PROD-004520
VERIFIED PROD-004519
BLOCKED PROD-004521: review required
BLOCKED PROD-004522: review required
BLOCKED PROD-004523: review required
BLOCKED PROD-004524: review required
VERIFIED PROD-004525
VERIFIED PROD-004526
VERIFIED PROD-004527
VERIFIED PROD-004529
VERIFIED PROD-004528
VERIFIED PROD-004530
VERIFIED PROD-004531
VERIFIED PROD-004532
VERIFIED PROD-004533
VERIFIED PROD-004534
VERIFIED PROD-004536
VERIFIED PROD-004537
VERIFIED PROD-004535
VERIFIED PROD-004538
VERIFIED PROD-004539
VERIFIED PROD-004540
VERIFIED PROD-004541
VERIFIED PROD-004543
MAI confirmed request was not sent (e3c819f3-a989-42a3-8c46-9c8277328578); retrying
VERIFIED PROD-004544
VERIFIED PROD-004542
VERIFIED PROD-004545
BLOCKED PROD-004546: review required
VERIFIED PROD-004548
VERIFIED PROD-004547
VERIFIED PROD-004549
VERIFIED PROD-004550
VERIFIED PROD-004551
VERIFIED PROD-004552
VERIFIED PROD-004553
VERIFIED PROD-004554
VERIFIED PROD-004555
VERIFIED PROD-004557
VERIFIED PROD-004556
VERIFIED PROD-004558
VERIFIED PROD-004559
VERIFIED PROD-004560
VERIFIED PROD-004561
VERIFIED PROD-004562
BLOCKED PROD-004563: review required
VERIFIED PROD-004564
VERIFIED PROD-004565
VERIFIED PROD-004566
VERIFIED PROD-004567
VERIFIED PROD-004568
VERIFIED PROD-004569
VERIFIED PROD-004570
VERIFIED PROD-004571
VERIFIED PROD-004572
VERIFIED PROD-004573
VERIFIED PROD-004575
VERIFIED PROD-004574
VERIFIED PROD-004576
VERIFIED PROD-004577
VERIFIED PROD-004578
VERIFIED PROD-004579
VERIFIED PROD-004580
VERIFIED PROD-004581
VERIFIED PROD-004582
VERIFIED PROD-004583
VERIFIED PROD-004584
VERIFIED PROD-004585
VERIFIED PROD-004587
VERIFIED PROD-004586
VERIFIED PROD-004589
VERIFIED PROD-004588
VERIFIED PROD-004591
VERIFIED PROD-004590
VERIFIED PROD-004593
VERIFIED PROD-004594
VERIFIED PROD-004592
VERIFIED PROD-004595
VERIFIED PROD-004596
VERIFIED PROD-004597
VERIFIED PROD-004599
VERIFIED PROD-004598
VERIFIED PROD-004600
VERIFIED PROD-004601
VERIFIED PROD-004602
VERIFIED PROD-004604
VERIFIED PROD-004603
VERIFIED PROD-004605
VERIFIED PROD-004606
VERIFIED PROD-004607
VERIFIED PROD-004608
VERIFIED PROD-004610
VERIFIED PROD-004609
VERIFIED PROD-004611
VERIFIED PROD-004613
VERIFIED PROD-004612
VERIFIED PROD-004614
VERIFIED PROD-004615
VERIFIED PROD-004616
BLOCKED PROD-004617: review required
VERIFIED PROD-004618
VERIFIED PROD-004619
BLOCKED PROD-004620: review required
BLOCKED PROD-004621: review required
BLOCKED PROD-004622: review required
BLOCKED PROD-004623: review required
BLOCKED PROD-004624: review required
BLOCKED PROD-004625: review required
BLOCKED PROD-004626: review required
BLOCKED PROD-004627: review required
BLOCKED PROD-004629: review required
BLOCKED PROD-004628: review required
BLOCKED PROD-004630: review required
BLOCKED PROD-004631: review required
BLOCKED PROD-004632: review required
BLOCKED PROD-004633: review required
BLOCKED PROD-004634: review required
BLOCKED PROD-004635: review required
BLOCKED PROD-004636: review required
BLOCKED PROD-004637: review required
BLOCKED PROD-004638: review required
BLOCKED PROD-004639: review required
VERIFIED PROD-004640
VERIFIED PROD-004641
VERIFIED PROD-004642
VERIFIED PROD-004643
BLOCKED PROD-004644: review required
BLOCKED PROD-004645: review required
VERIFIED PROD-004646
VERIFIED PROD-004647
VERIFIED PROD-004648
VERIFIED PROD-004650
VERIFIED PROD-004649
VERIFIED PROD-004652
VERIFIED PROD-004651
VERIFIED PROD-004653
VERIFIED PROD-004654
BLOCKED PROD-004656: review required
VERIFIED PROD-004655
VERIFIED PROD-004657
VERIFIED PROD-004658
VERIFIED PROD-004660
Throttled: retrying after 60s
VERIFIED PROD-004661
VERIFIED PROD-004662
VERIFIED PROD-004663
VERIFIED PROD-004664
VERIFIED PROD-004665
VERIFIED PROD-004659
VERIFIED PROD-004666
VERIFIED PROD-004667
VERIFIED PROD-004668
VERIFIED PROD-004669
VERIFIED PROD-004671
VERIFIED PROD-004670
VERIFIED PROD-004672
VERIFIED PROD-004673
VERIFIED PROD-004675
VERIFIED PROD-004674
VERIFIED PROD-004676
VERIFIED PROD-004677
VERIFIED PROD-004679
VERIFIED PROD-004678
VERIFIED PROD-004680
VERIFIED PROD-004681
VERIFIED PROD-004682
VERIFIED PROD-004683
VERIFIED PROD-004684
VERIFIED PROD-004685
VERIFIED PROD-004687
VERIFIED PROD-004686
VERIFIED PROD-004689
VERIFIED PROD-004688
VERIFIED PROD-004690
VERIFIED PROD-004692
VERIFIED PROD-004691
VERIFIED PROD-004693
VERIFIED PROD-004694
VERIFIED PROD-004695
VERIFIED PROD-004696
VERIFIED PROD-004697
VERIFIED PROD-004698
VERIFIED PROD-004699
BLOCKED PROD-004701: review required
VERIFIED PROD-004700
VERIFIED PROD-004703
BLOCKED PROD-004704: review required
VERIFIED PROD-004702
VERIFIED PROD-004705
VERIFIED PROD-004706
VERIFIED PROD-004707
VERIFIED PROD-004708
BLOCKED PROD-004709: review required
BLOCKED PROD-004710: review required
VERIFIED PROD-004711
VERIFIED PROD-004712
VERIFIED PROD-004714
VERIFIED PROD-004713
VERIFIED PROD-004716
VERIFIED PROD-004715
VERIFIED PROD-004717
VERIFIED PROD-004718
VERIFIED PROD-004719
VERIFIED PROD-004720
VERIFIED PROD-004721
Throttled: retrying after 60s
VERIFIED PROD-004722
VERIFIED PROD-004724
VERIFIED PROD-004725
VERIFIED PROD-004726
VERIFIED PROD-004727
VERIFIED PROD-004723
VERIFIED PROD-004728
VERIFIED PROD-004729
VERIFIED PROD-004731
VERIFIED PROD-004730
VERIFIED PROD-004732
VERIFIED PROD-004733
VERIFIED PROD-004734
VERIFIED PROD-004735
VERIFIED PROD-004736
BLOCKED PROD-004737: review required
VERIFIED PROD-004738
VERIFIED PROD-004739
VERIFIED PROD-004741
VERIFIED PROD-004740
VERIFIED PROD-004742
VERIFIED PROD-004743
VERIFIED PROD-004744
VERIFIED PROD-004745
VERIFIED PROD-004746
VERIFIED PROD-004747
VERIFIED PROD-004748
VERIFIED PROD-004749
VERIFIED PROD-004750
VERIFIED PROD-004751
VERIFIED PROD-004752
VERIFIED PROD-004753
VERIFIED PROD-004754
VERIFIED PROD-004755
VERIFIED PROD-004757
MAI confirmed request was not sent (2539a846-fbde-4310-a39b-d138d02f182d); retrying
VERIFIED PROD-004758
VERIFIED PROD-004759
VERIFIED PROD-004760
VERIFIED PROD-004756
VERIFIED PROD-004762
VERIFIED PROD-004763
MAI confirmed request was not sent (737c92d8-281d-43b5-8265-6b80dfe38ffb); retrying
VERIFIED PROD-004764
VERIFIED PROD-004761
VERIFIED PROD-004766
VERIFIED PROD-004765
VERIFIED PROD-004767
VERIFIED PROD-004768
VERIFIED PROD-004769
VERIFIED PROD-004770
VERIFIED PROD-004771
VERIFIED PROD-004772
VERIFIED PROD-004773
VERIFIED PROD-004774
VERIFIED PROD-004775
VERIFIED PROD-004777
VERIFIED PROD-004776
VERIFIED PROD-004779
VERIFIED PROD-004780
VERIFIED PROD-004778
VERIFIED PROD-004781
VERIFIED PROD-004782
VERIFIED PROD-004783
VERIFIED PROD-004784
VERIFIED PROD-004785
VERIFIED PROD-004786
VERIFIED PROD-004787
VERIFIED PROD-004788
VERIFIED PROD-004789
BLOCKED PROD-004790: review required
VERIFIED PROD-004791
VERIFIED PROD-004792
VERIFIED PROD-004793
VERIFIED PROD-004794
VERIFIED PROD-004795
VERIFIED PROD-004797
VERIFIED PROD-004796
VERIFIED PROD-004798
VERIFIED PROD-004799
VERIFIED PROD-004800
VERIFIED PROD-004801
VERIFIED PROD-004802
VERIFIED PROD-004803
VERIFIED PROD-004804
VERIFIED PROD-004805
VERIFIED PROD-004806
VERIFIED PROD-004807
BLOCKED PROD-004809: review required
VERIFIED PROD-004808
VERIFIED PROD-004810
VERIFIED PROD-004811
BLOCKED PROD-004812: review required
VERIFIED PROD-004813
VERIFIED PROD-004815
VERIFIED PROD-004814
VERIFIED PROD-004816
VERIFIED PROD-004817
BLOCKED PROD-004818: review required
VERIFIED PROD-004819
VERIFIED PROD-004820
VERIFIED PROD-004821
VERIFIED PROD-004822
VERIFIED PROD-004824
VERIFIED PROD-004823
VERIFIED PROD-004825
VERIFIED PROD-004826
VERIFIED PROD-004827
VERIFIED PROD-004828
VERIFIED PROD-004829
VERIFIED PROD-004831
VERIFIED PROD-004830
VERIFIED PROD-004832
VERIFIED PROD-004833
VERIFIED PROD-004834
VERIFIED PROD-004836
VERIFIED PROD-004835
BLOCKED PROD-004838: review required
VERIFIED PROD-004837
VERIFIED PROD-004839
VERIFIED PROD-004840
VERIFIED PROD-004841
VERIFIED PROD-004842
VERIFIED PROD-004843
VERIFIED PROD-004845
VERIFIED PROD-004844
VERIFIED PROD-004846
VERIFIED PROD-004847
VERIFIED PROD-004848
VERIFIED PROD-004849
VERIFIED PROD-004850
VERIFIED PROD-004851
VERIFIED PROD-004852
VERIFIED PROD-004853
VERIFIED PROD-004854
VERIFIED PROD-004855
VERIFIED PROD-004856
VERIFIED PROD-004857
VERIFIED PROD-004858
VERIFIED PROD-004859
VERIFIED PROD-004860
VERIFIED PROD-004861
VERIFIED PROD-004862
VERIFIED PROD-004863
VERIFIED PROD-004864
VERIFIED PROD-004865
VERIFIED PROD-004866
VERIFIED PROD-004867
VERIFIED PROD-004868
VERIFIED PROD-004869
BLOCKED PROD-004870: review required
VERIFIED PROD-004871
VERIFIED PROD-004872
VERIFIED PROD-004873
VERIFIED PROD-004874
VERIFIED PROD-004875
VERIFIED PROD-004876
VERIFIED PROD-004877
VERIFIED PROD-004878
VERIFIED PROD-004879
VERIFIED PROD-004880
VERIFIED PROD-004881
VERIFIED PROD-004882
VERIFIED PROD-004883
VERIFIED PROD-004884
VERIFIED PROD-004886
BLOCKED PROD-004887: review required
MAI confirmed request was not sent (f05805c5-49c0-439b-a160-5d6f938b3782); retrying
VERIFIED PROD-004888
VERIFIED PROD-004885
VERIFIED PROD-004889
VERIFIED PROD-004890
VERIFIED PROD-004891
VERIFIED PROD-004892
VERIFIED PROD-004894
MAI confirmed request was not sent (c698ef9e-bb02-4791-b956-1e9dbcabb0df); retrying
VERIFIED PROD-004895
VERIFIED PROD-004893
VERIFIED PROD-004896
VERIFIED PROD-004897
VERIFIED PROD-004898
VERIFIED PROD-004899
VERIFIED PROD-004900
VERIFIED PROD-004901
VERIFIED PROD-004902
VERIFIED PROD-004903
VERIFIED PROD-004904
VERIFIED PROD-004905
VERIFIED PROD-004906
VERIFIED PROD-004907
VERIFIED PROD-004908
VERIFIED PROD-004909
VERIFIED PROD-004910
VERIFIED PROD-004911
VERIFIED PROD-004912
VERIFIED PROD-004913
VERIFIED PROD-004914
VERIFIED PROD-004915
VERIFIED PROD-004916
VERIFIED PROD-004917
VERIFIED PROD-004918
BLOCKED PROD-004919: review required
VERIFIED PROD-004920
VERIFIED PROD-004921
VERIFIED PROD-004922
VERIFIED PROD-004923
VERIFIED PROD-004924
VERIFIED PROD-004925
VERIFIED PROD-004926
VERIFIED PROD-004927
VERIFIED PROD-004928
VERIFIED PROD-004929
VERIFIED PROD-004930
VERIFIED PROD-004931
VERIFIED PROD-004932
VERIFIED PROD-004933
VERIFIED PROD-004934
VERIFIED PROD-004935
VERIFIED PROD-004936
VERIFIED PROD-004937
VERIFIED PROD-004938
VERIFIED PROD-004939
VERIFIED PROD-004940
VERIFIED PROD-004941
VERIFIED PROD-004942
VERIFIED PROD-004943
VERIFIED PROD-004944
VERIFIED PROD-004945
VERIFIED PROD-004946
VERIFIED PROD-004947
VERIFIED PROD-004948
VERIFIED PROD-004949
VERIFIED PROD-004950
VERIFIED PROD-004951
VERIFIED PROD-004952
VERIFIED PROD-004953
VERIFIED PROD-004954
VERIFIED PROD-004955
VERIFIED PROD-004956
VERIFIED PROD-004957
VERIFIED PROD-004958
VERIFIED PROD-004959
VERIFIED PROD-004960
VERIFIED PROD-004961
VERIFIED PROD-004962
VERIFIED PROD-004963
VERIFIED PROD-004964
VERIFIED PROD-004965
VERIFIED PROD-004966
VERIFIED PROD-004967
VERIFIED PROD-004968
VERIFIED PROD-004969
VERIFIED PROD-004970
VERIFIED PROD-004971
VERIFIED PROD-004972
VERIFIED PROD-004973
VERIFIED PROD-004974
VERIFIED PROD-004975
VERIFIED PROD-004976
VERIFIED PROD-004977
VERIFIED PROD-004978
VERIFIED PROD-004979
VERIFIED PROD-004980
VERIFIED PROD-004981
VERIFIED PROD-004982
VERIFIED PROD-004983
VERIFIED PROD-004984
VERIFIED PROD-004985
VERIFIED PROD-004986
VERIFIED PROD-004987
VERIFIED PROD-004988
VERIFIED PROD-004989
VERIFIED PROD-004990
VERIFIED PROD-004991
VERIFIED PROD-004992
VERIFIED PROD-004993
VERIFIED PROD-004994
VERIFIED PROD-004995
VERIFIED PROD-004996
VERIFIED PROD-004997
BLOCKED PROD-004998: review required
VERIFIED PROD-004999
BLOCKED PROD-005000: review required
BLOCKED PROD-005001: review required
VERIFIED PROD-005002
VERIFIED PROD-005003
VERIFIED PROD-005004
VERIFIED PROD-005005
VERIFIED PROD-005006
BLOCKED PROD-005007: review required
VERIFIED PROD-005008
VERIFIED PROD-005009
VERIFIED PROD-005011
VERIFIED PROD-005012
MAI confirmed request was not sent (d30fa957-7bd8-4d44-b186-cc1a2f2ec116); retrying
VERIFIED PROD-005013
VERIFIED PROD-005010
VERIFIED PROD-005014
VERIFIED PROD-005015
VERIFIED PROD-005016
VERIFIED PROD-005017
VERIFIED PROD-005018
VERIFIED PROD-005019
VERIFIED PROD-005020
VERIFIED PROD-005021
VERIFIED PROD-005022
VERIFIED PROD-005023
VERIFIED PROD-005024
VERIFIED PROD-005025
VERIFIED PROD-005026
VERIFIED PROD-005027
VERIFIED PROD-005028
VERIFIED PROD-005029
VERIFIED PROD-005030
VERIFIED PROD-005031
VERIFIED PROD-005032
VERIFIED PROD-005033
BLOCKED PROD-005034: review required
VERIFIED PROD-005035
VERIFIED PROD-005036
VERIFIED PROD-005037
VERIFIED PROD-005038
VERIFIED PROD-005039
VERIFIED PROD-005040
VERIFIED PROD-005041
VERIFIED PROD-005042
VERIFIED PROD-005043
VERIFIED PROD-005044
VERIFIED PROD-005045
VERIFIED PROD-005046
VERIFIED PROD-005047
VERIFIED PROD-005048
VERIFIED PROD-005049
VERIFIED PROD-005050
VERIFIED PROD-005051
BLOCKED PROD-005052: review required
VERIFIED PROD-005053
VERIFIED PROD-005054
BLOCKED PROD-005055: review required
VERIFIED PROD-005056
VERIFIED PROD-005057
VERIFIED PROD-005058
VERIFIED PROD-005059
VERIFIED PROD-005060
BLOCKED PROD-005061: review required
VERIFIED PROD-005062
VERIFIED PROD-005063
VERIFIED PROD-005064
VERIFIED PROD-005065
VERIFIED PROD-005066
VERIFIED PROD-005067
VERIFIED PROD-005068
VERIFIED PROD-005069
VERIFIED PROD-005070
VERIFIED PROD-005071
VERIFIED PROD-005072
VERIFIED PROD-005073
VERIFIED PROD-005074
VERIFIED PROD-005075
VERIFIED PROD-005076
VERIFIED PROD-005077
VERIFIED PROD-005078
VERIFIED PROD-005079
BLOCKED PROD-005080: review required
VERIFIED PROD-005081
VERIFIED PROD-005082
VERIFIED PROD-005083
VERIFIED PROD-005084
VERIFIED PROD-005085
VERIFIED PROD-005086
BLOCKED PROD-005087: review required
